11-19 14:21:24.166  2852  3400 D PackageManager: getComponentMetadataForIconTray : com.naren.sarvajna.ui.MainActivity does not exist in mReceivers
11-19 14:21:24.167  3159  3159 D ApplicationPackageManager: updateItemMetaDataForFixedIconScale: package: com.naren.sarvajna
11-19 14:21:24.167  2852  4091 D PackageManager: getSelectedMetaData : packageName(com.naren.sarvajna) or Metadata strings {[Ljava.lang.String;@4b155fd}
11-19 14:21:24.167  3159  3159 I ApplicationPackageManager: load=com.naren.sarvajna, bg=144-144, dr=96-96, forDefault=true, density=0
11-19 14:21:24.168  3159  3159 I ApplicationPackageManager: scaled rate=201.0, size=96, alpha=8, hold=26
11-19 14:21:24.168  3159  3159 D ApplicationPackageManager: iconScale: getScale(): 201.0 getAlpha(): 8
11-19 14:21:24.170  3159  3159 I ApplicationPackageManager: load=com.naren.sarvajna-crop, bg=80-80, dr=96-96
11-19 14:21:24.462  2852  2852 D WifiTrafficPoller: notifyOnDataActivity() - mBusMaxLock.acquire()
11-19 14:21:24.466  2852  2918 D WindowManager: disposeInputChannel mInputChannel: 6ff0991 Starting com.naren.sarvajna (server)
11-19 14:21:24.467  2852  2918 I WindowManager_SurfaceController: Destroying surface Surface(name=Starting com.naren.sarvajna) called by com.android.server.wm.WindowStateAnimator.destroySurface:3070 com.android.server.wm.WindowStateAnimator.destroySurfaceLocked:1138 com.android.server.wm.WindowState.removeLocked:1934 com.android.server.wm.WindowManagerService.removeWindowInnerLocked:3056 com.android.server.wm.WindowManagerService.removeWindowInnerLocked:3016 com.android.server.wm.AppWindowToken.destroySurfaces:432 com.android.server.wm.AppWindowToken.destroySurfaces:393 com.android.server.wm.WindowStateAnimator.finishExit:699 
11-19 14:21:24.467  2334  3135 I SurfaceFlinger: id=105 Removed Starting com.naren.sarvajna (2/5)
11-19 14:21:24.469  2852  2918 D InputTransport: Input channel destroyed: fd=375
11-19 14:21:24.471  2334  3134 I SurfaceFlinger: id=105 Removed Starting com.naren.sarvajna (-2/5)
11-19 14:21:24.471  2852  2918 D ViewRootImpl@1e1a1b[sarvajna]: dispatchDetachedFromWindow
11-19 14:21:24.472  2852  2918 W WindowManager: Failed looking up window
11-19 14:21:24.472  2852  2918 W WindowManager: java.lang.IllegalArgumentException: Requested window android.view.ViewRootImpl$W@4a787b8 does not exist
11-19 14:21:24.472  2852  2918 W WindowManager: 	at com.android.server.wm.WindowManagerService.windowForClientLocked(WindowManagerService.java:10875)
11-19 14:21:24.472  2852  2918 W WindowManager: 	at com.android.server.wm.WindowManagerService.windowForClientLocked(WindowManagerService.java:10866)
11-19 14:21:24.472  2852  2918 W WindowManager: 	at com.android.server.wm.WindowManagerService.removeWindow(WindowManagerService.java:2783)
11-19 14:21:24.472  2852  2918 W WindowManager: 	at com.android.server.wm.Session.remove(Session.java:218)
11-19 14:21:24.472  2852  2918 W WindowManager: 	at android.view.ViewRootImpl.dispatchDetachedFromWindow(ViewRootImpl.java:3739)
11-19 14:21:24.472  2852  2918 W WindowManager: 	at android.view.ViewRootImpl.doDie(ViewRootImpl.java:6685)
11-19 14:21:24.472  2852  2918 W WindowManager: 	at android.view.ViewRootImpl$ViewRootHandler.handleMessage(ViewRootImpl.java:4156)
11-19 14:21:24.472  2852  2918 W WindowManager: 	at android.os.Handler.dispatchMessage(Handler.java:102)
11-19 14:21:24.472  2852  2918 W WindowManager: 	at android.os.Looper.loop(Looper.java:154)
11-19 14:21:24.472  2852  2918 W WindowManager: 	at android.os.HandlerThread.run(HandlerThread.java:61)
11-19 14:21:24.472  2852  2918 W WindowManager: 	at com.android.server.ServiceThread.run(ServiceThread.java:46)
11-19 14:21:24.473  2852  2918 D InputTransport: Input channel destroyed: fd=381
11-19 14:21:24.473  2852  2918 D ViewRootImpl@2a89838[ContainerKeyguardScrim]: mHardwareRenderer.destroy()#1
11-19 14:21:24.488  2852  3110 I WifiWatchdogStateMachine.CaptivePortalHandler: TIMEOUT_CAPTIVE_PORTAL reason: 3
11-19 14:21:24.489  2852  2918 D CustomFrequencyManagerService: FrequencyrequestList.getNextCStateDisableRequest, index: 1
11-19 14:21:24.489  2852  3106 I WifiWatchdogStateMachine: 11-19 14:21:24.489, InvalidNonSwitchableState, [i]-1, [s]4, [t]11/11, [e]9, [b]-1, [u]-1/1, -55, 72, false(true/false/false/true/true/true/true/true), false(false/true), false(true/true/true), 0, 224c69746869756d22, c414d5, 3381
11-19 14:21:24.489  2852  2918 D CustomFrequencyManagerService: releaseDVFSLockLocked : Getting Lock type frm List : DVFS_MIN_LIMIT  frequency : 1352000  uid : 1000  pid : 2852  tag : AMS_ACT_RESUME@CPU_MIN@53
11-19 14:21:24.489  2852  2918 D ActivityManagerPerformance: AMP_release() ACT_RESUME
11-19 14:21:24.490  2852  3106 I WifiWatchdogStateMachine: 11-19 14:21:24.490, InvalidNonSwitchableState, 192.168.123.116  0x1         0x2         8c:85:90:ba:7a:8e     *        wlan0192.168.123.1    0x1         0x2         00:e0:20:15:0f:ee     *        wlan0
11-19 14:21:24.490  2852  3106 D WifiWatchdogStateMachine: goodRssi=-50 goodCount=5 lastGood=1291230 lastPoor=1291230 avoidMax=30000
11-19 14:21:24.490  2852  2918 D CustomFrequencyManagerService: acquireDVFSLockLocked : type : DVFS_MIN_LIMIT  frequency : 1482000  uid : 1000  pid : 2852  pkgName : AMS_RESUME_TAIL@CPU_MIN@21
11-19 14:21:24.490  2852  2918 D ActivityManagerPerformance: AMP_acquire() TAIL
11-19 14:21:24.491  2852  2918 D CustomFrequencyManagerService: FrequencyrequestList.getNextMaxCPUCoreRequest, index: 1
11-19 14:21:24.491  2852  2918 D CustomFrequencyManagerService: releaseDVFSLockLocked : Getting Lock type frm List : DVFS_MIN_LIMIT  frequency : 1586000  uid : 1000  pid : 2852  tag : AMS_APP_SWITCH@CPU_MIN@15
11-19 14:21:24.491  2852  2918 D ActivityManagerPerformance: AMP_release() APP_SWITCH
11-19 14:21:24.497  3360  3372 D ForegroundUtils: could not check pending caller
11-19 14:21:24.497 10707 10717 I SAMSUNGPAY: [Hint_ProcessStatusChange] fg Change, pid : 20245 , isNotify : true , isForeground : false , fg list : [4124]
11-19 14:21:24.498 10707 11011 I SAMSUNGPAY: [Hint_cdg] ensureHomePackagesLoaded - already update, isHomePackageEmpty : false, isKnoxRunning : false
11-19 14:21:24.502 10707 11011 I SAMSUNGPAY: [Hint_cdg] isHomePackageRunning topPkgName = com.sec.android.app.launcher, topClsName = com.sec.android.app.launcher.activities.LauncherActivity, return true
11-19 14:21:24.504 10707 10707 I SAMSUNGPAY: [ServiceTypeTable] isSupportOperator : INS, IN
11-19 14:21:24.505 10707 10707 D SAMSUNGPAY: [ServiceTypeTable] Upgrade - ServiceTypeTable - entryFromCountryIso - index is : 45, iso : IN
11-19 14:21:24.505 10707 10707 I Sally Service: getAttributes()
11-19 14:21:24.505 10707 10707 D SAMSUNGPAY: [Hint_SimpleIntroService] Hint Status - SHOW, y : 0.0
11-19 14:21:24.516  2852  4090 V WindowManager: Relayout Window{886e741d0 u0 com.samsung.android.spay.simple.SimpleIntroHintService}: viewVisibility=0 req=320x40 WM.LayoutParams{(0,0)(320x40) gr=#51 sim=#20 ty=2024 fl=#1800308 fmt=-3 vsysui=0x2000 naviIconColor=0}
11-19 14:21:24.518  2334  2334 I SurfaceFlinger: id=107 createSurf (320x40),1 flag=4, com.samsung.android.spay.simple.SimpleIntroHintService
11-19 14:21:24.522 10707 10707 D ViewRootImpl@a9aa4e2[SimpleIntroHintService]: Relayout returned: oldFrame=[200,1240][520,1280] newFrame=[200,1240][520,1280] result=0x7 surface={isValid=true -800757760} surfaceGenerationChanged=true
11-19 14:21:24.523 10707 10707 D ViewRootImpl@a9aa4e2[SimpleIntroHintService]: mHardwareRenderer.initialize() mSurface={isValid=true -800757760} hwInitialized=true
11-19 14:21:24.524 10707 11015 D mali_winsys: EGLint new_window_surface(egl_winsys_display*, void*, EGLSurface, EGLConfig, egl_winsys_surface**, egl_color_buffer_format*, EGLBoolean) returns 0x3000,  [320x40]-format:1
11-19 14:21:24.538  2852  3031 D WindowManager: finishDrawingWindow: Window{886e741d0 u0 com.samsung.android.spay.simple.SimpleIntroHintService} mDrawState=DRAW_PENDING
11-19 14:21:24.557  2852  3110 D WifiWatchdogStateMachine:  [|1] [] []
11-19 14:21:24.568  2334  2334 D SurfaceFlinger:   Display[0] configurations (* current):
11-19 14:21:24.568  2334  2334 D SurfaceFlinger:     * 0: 720x1280, xdpi=268.941010, ydpi=268.694000, refresh=16666666
11-19 14:21:24.568  2334  2334 D SurfaceFlinger:   numHwLayers=7, flags=00000000
11-19 14:21:24.568  2334  2334 D SurfaceFlinger:     type   |  handle  | hint | flag | tr | blnd |   format    |     source crop (l,t,r,b)      |          frame         | name 
11-19 14:21:24.568  2334  2334 D SurfaceFlinger: -----------+----------+------+------+----+------+-------------+--------------------------------+------------------------+------
11-19 14:21:24.568  2334  2334 D SurfaceFlinger:        HWC | efa84780 | 0000 | 0020 | 00 | 0100 | RGBx_8888   |  280.0,    0.0, 1000.0, 1280.0 |    0,    0,  720, 1280 | com.android.systemui.ImageWallpaper
11-19 14:21:24.568  2334  2334 D SurfaceFlinger:       GLES | efa84820 | 0000 | 0000 | 00 | 0105 | RGBA_8888   |    0.0,    0.0,  720.0, 1280.0 |    0,    0,  720, 1280 | com.sec.android.app.launcher/com.sec.android.app.launcher.activities.LauncherActivity
11-19 14:21:24.568  2334  2334 D SurfaceFlinger:       GLES | 00000000 | 0000 | 0200 | 00 | 0105 | ? ffffffff  |   -0.2,   -0.2,   -0.8,   -0.8 |    0,    0,  720, 1280 | DimLayerController/Stack=0
11-19 14:21:24.568  2334  2334 D SurfaceFlinger:       GLES | efc8c1e0 | 0000 | 0000 | 00 | 0105 | RGBA_8888   |    0.0,    0.0,  684.0,  303.0 |   18,  512, 
11-19 14:21:24.568  2334  2334 D SurfaceFlinger:  702,  815 | Application Error: com.naren.sarvajna
11-19 14:21:24.568  2334  2334 D SurfaceFlinger:       GLES | efc8cd20 | 0000 | 0000 | 00 | 0105 | RGBA_8888   |    0.0,    0.0,  720.0,   48.0 |    0,    0,  720,   48 | StatusBar
11-19 14:21:24.568  2334  2334 D SurfaceFlinger:        HWC | efc8c8c0 | 0000 | 0000 | 00 | 0105 | RGBA_8888   |    0.0,    0.0,  320.0,   40.0 |  200, 1240,  520, 1280 | com.samsung.android.spay.simple.SimpleIntroHintService
11-19 14:21:24.568  2334  2334 D SurfaceFlinger:  FB TARGET | efa84280 | 0000 | 0000 | 00 | 0105 | RGBA_8888   |    0.0,    0.0,  720.0, 1280.0 |    0,    0,  720, 1280 | HWC_FRAMEBUFFER_TARGET
11-19 14:21:24.617  4124  4480 W OpenGLRenderer: Incorrectly called buildLayer on View: WorkspaceCellLayoutChildren, destroying layer...
11-19 14:21:24.617  4124  4480 W OpenGLRenderer: Incorrectly called buildLayer on View: WorkspaceCellLayoutChildren, destroying layer...
11-19 14:21:24.628  2852  3088 D MdnieScenarioControlService:  packageName : com.sec.android.app.launcher    className : com.sec.android.app.launcher.activities.LauncherActivity
11-19 14:21:24.628  2852  3088 V MdnieScenarioControlService: setUIMode from UI function(2)
11-19 14:21:24.735  4152  4231 D ContactsProvider_EventLog: contents_sample_state: [ contacts(2) data(4) accounts({vnd.sec.contact.phone (1)=2}) accounts deleted({}) calls([logtype:100 cnt:4, logtype:300 cnt:20]) countryIso(IN) userId(0)  ]
11-19 14:21:24.735  4152  4231 D ContactsProvider_EventLog: contents_sample_state: [ agr({[1]=2})  ]
11-19 14:21:24.735  4152  4231 D ContactsProvider_EventLog: contents_sample_state: [ actCnt({android.process.acore=4, com.google.android.gms=10})  ]
11-19 14:21:24.738  4152  4231 E ContactsProvider_EventLog: Flush buffer to file cnt : 1 size : 0Kb duration : 2ms lastUpdatedAfter : 34368 ms mFlush_time_threasold : 2000 mCurrentSize : 353
11-19 14:21:24.799  2852  5154 D GamePkgDataHelper: getGamePkgData(). com.sec.android.app.launcher
11-19 14:21:24.800  2852  5154 D GameManagerService: identifyGamePackage. com.sec.android.app.launcher
11-19 14:21:24.801  2852  5154 D GameManagerService: identifyGamePackage. com.sec.android.app.launcher
11-19 14:21:24.802  2852  5154 D GameManagerService: identifyGamePackage. com.sec.android.app.launcher
11-19 14:21:24.803  2852  5154 D GameManagerService: identifyGamePackage. com.sec.android.app.launcher
